---
source: tests/shims_test.rs
expression: "std::fs::read_to_string(sandbox.path().join(\".proto/shims\").join(if cfg!(windows)\n                    {\n                    format!(\"{}.cmd\", \"pip\")\n                } else { \"pip\".to_string() })).unwrap()"
---
#!/usr/bin/env bash
set -e

if [ -n "$PROTO_DEBUG" ]; then
    set -x
    echo "Running with python-test.sh shim"
fi

exec proto run python-test -- -m pip "$@" 

