---
source: tests/shims_test.rs
expression: "std::fs::read_to_string(sandbox.path().join(\".proto/shims/registry.json\")).unwrap()"
---
{
  "pip": {
    "parent": "python-test",
    "before_args": [
      "-m",
      "pip"
    ]
  },
  "python-test": {},
  "python-test3": {
    "alt_bin": true,
    "parent": "python-test"
  }
}
